// Jest Snapshot v1, https://goo.gl/fbAQLP

exports[`Hello Snapshot should render header with content 1`] = `"<undefined></undefined>"`;
